// Vitest Snapshot v1, https://vitest.dev/guide/snapshot.html

exports[`generated code snapshot 1`] = `
"/* eslint-disable */

  import { z, ZodType } from 'zod/v4';
  import { processResponseBody, uniqueItems } from './util';

  /**
   * Zod only supports string enums at the moment. A previous issue was opened
   * and closed as stale but it provided a hint on how to implement it.
   *
   * @see https://github.com/colinhacks/zod/issues/1118
   * TODO: PR an update for zod to support other native enum types
   */
  const IntEnum = <T extends readonly number[]>(values: T) => 
      z.number().refine((v) => values.includes(v)) as ZodType<T[number]>;

  /** Helper to ensure booleans provided as strings end up with the correct value */
  const SafeBoolean = z.preprocess(v => v === "false" ? false : v, z.coerce.boolean())
  
export const TreeNode = z.preprocess(processResponseBody,z.object({"value": z.string(),
"children": z.lazy(() => TreeNode).array().optional(),
}))

export const TypeB = z.preprocess(processResponseBody,z.object({"label": z.string(),
"a": z.lazy(() => TypeA).optional(),
}))

export const TypeA = z.preprocess(processResponseBody,z.object({"name": z.string(),
"b": z.lazy(() => TypeB).optional(),
}))

export const Plain = z.preprocess(processResponseBody,z.object({"id": z.number(),
}))

"
`;
